// Jest Snapshot v1, https://goo.gl/fbAQLP

exports[`EnhancedTableToolbar render 1`] = `
ShallowWrapper {
  Symbol(enzyme.__root__): [Circular],
  Symbol(enzyme.__unrendered__): <WithStyles(EnhancedTableToolbar)
    handleDelete={[Function]}
    numSelected={0}
    selected=""
    tableName="Users"
  />,
  Symbol(enzyme.__renderer__): Object {
    "batchedUpdates": [Function],
    "getNode": [Function],
    "render": [Function],
    "simulateError": [Function],
    "simulateEvent": [Function],
    "unmount": [Function],
  },
  Symbol(enzyme.__node__): Object {
    "instance": null,
    "key": undefined,
    "nodeType": "function",
    "props": Object {
      "classes": Object {
        "actions": "EnhancedTableToolbar-actions-4",
        "highlight": "EnhancedTableToolbar-highlight-2",
        "root": "EnhancedTableToolbar-root-1",
        "spacer": "EnhancedTableToolbar-spacer-3",
        "title": "EnhancedTableToolbar-title-5",
      },
      "handleDelete": [Function],
      "numSelected": 0,
      "selected": "",
      "tableName": "Users",
    },
    "ref": null,
    "rendered": null,
    "type": [Function],
  },
  Symbol(enzyme.__nodes__): Array [
    Object {
      "instance": null,
      "key": undefined,
      "nodeType": "function",
      "props": Object {
        "classes": Object {
          "actions": "EnhancedTableToolbar-actions-4",
          "highlight": "EnhancedTableToolbar-highlight-2",
          "root": "EnhancedTableToolbar-root-1",
          "spacer": "EnhancedTableToolbar-spacer-3",
          "title": "EnhancedTableToolbar-title-5",
        },
        "handleDelete": [Function],
        "numSelected": 0,
        "selected": "",
        "tableName": "Users",
      },
      "ref": null,
      "rendered": null,
      "type": [Function],
    },
  ],
  Symbol(enzyme.__options__): Object {
    "adapter": ReactSixteenAdapter {
      "options": Object {
        "enableComponentDidUpdateOnSetState": true,
        "lifecycles": Object {
          "componentDidUpdate": Object {
            "onSetState": true,
          },
          "getDerivedStateFromProps": true,
          "getSnapshotBeforeUpdate": true,
          "setState": Object {
            "skipsComponentDidUpdateOnNullish": true,
          },
        },
      },
    },
  },
}
`;
